// Jest Snapshot v1, https://goo.gl/fbAQLP

exports[`ToDoList Tests renders TODOList correctly 1`] = `
<div>
  <ul>
    <li>
      <span
        onClick={[Function]}
      >
        Test task 1
      </span>
    </li>
    <li>
      <span
        onClick={[Function]}
      >
        Test task 2
      </span>
    </li>
  </ul>
  <br />
   
  <br />
  <button
    data-testid="empty-list-button"
    onClick={[Function]}
    type="button"
  >
    Empty List
  </button>
</div>
`;
